// Jest Snapshot v1, https://goo.gl/fbAQLP

exports[`CourtCaseTile renders correctly 1`] = `"<div class=\\"courtCaseCard\\"><a style=\\"color:white\\" href=\\"/case/undefined\\"><h3 class=\\"courtCaseTitle\\">Test title</h3></a><p class=\\"truncate courtCaseDescription\\">Lorem ipsum dolor sit amet, consectetur adipiscing elit. Proin arcu enim, tincidunt fringilla rhoncus vitae, semper quis quam. Nam et tincidunt ex. Nunc ut ante id lorem consectetur vulputate ut non nulla. Curabitur viverra, libero vel rutrum volutpat, erat orci eleifend sem, sit amet vestibulum leo lectus at quam</p><div class=\\"cardContainer\\"></div><time dateTime=\\"1577836800000\\">December 31st 2019</time></div>"`;
